[2026-08-10 00:51:13.214] [INFO] [dev.kostromdan.mods.crash_assistant.app.CrashAssistantApp]: CrashAssistantApp running: JVM args: [-XX:+UseSerialGC, -XX:MaxHeapFreeRatio=30, -XX:MinHeapFreeRatio=10, -XX:MaxGCPauseMillis=10000, -Xms8m, -Xmx512m]
[2026-08-10 00:51:13.215] [INFO] [dev.kostromdan.mods.crash_assistant.app.CrashAssistantApp]: CrashAssistantApp running: program args: [-jarPath, local\crash_assistant\47820_1786348261974_app.jar, -parentPID, 47820, -parentStarted, 1786348261974, -platform, FORGE, -loaderJarName, fmlloader-1.20.1-47.4.0.jar, -minecraftVersion, 1.20.1, -childProcessesPIDs, VU5ERUZJTkVE, -crashAssistantModJarName, CrashAssistant-forge-1.19-1.20.1-1.10.18.jar, -classPath, local\crash_assistant\47820_1786348261974_app.jar;local\crash_assistant\47820_1786348261974_mod.jar;C:\Users\windf\curseforge\minecraft\Install\libraries\org\apache\logging\log4j\log4j-api\2.19.0\log4j-api-2.19.0.jar;C:\Users\windf\curseforge\minecraft\Install\libraries\org\apache\logging\log4j\log4j-core\2.19.0\log4j-core-2.19.0.jar;C:\Users\windf\curseforge\minecraft\Install\libraries\com\google\code\gson\gson\2.10\gson-2.10.jar;C:\Users\windf\curseforge\minecraft\Install\libraries\commons-io\commons-io\2.11.0\commons-io-2.11.0.jar;C:\Users\windf\curseforge\minecraft\Install\libraries\net\java\dev\jna\jna\5.12.1\jna-5.12.1.jar;C:\Users\windf\curseforge\minecraft\Install\libraries\net\java\dev\jna\jna-platform\5.12.1\jna-platform-5.12.1.jar, -parentXms, 256m, -parentXmx, 10240m, -systemRAM, 31.1g, -processor, QU1EIFJ5emVuIDcgOTgwMFgzRCA4LUNvcmUgUHJvY2Vzc29yICAgICAgICAgICA=, -serialisedGPUs, VnVsa2FuIEdQVSBkZXRlY3Rpb24gYWRkb24gbm90IGZvdW5kLCBmYWxsaW5nIGJhY2sgdG8gRGlyZWN0WApTdWNjZXNzZnVsbHkgZGV0ZWN0ZWQgR1BVcyB1c2luZyBEaXJlY3RYOgpJTlRFR1JBVEVEIDogQU1EIFJhZGVvbihUTSkgR3JhcGhpY3MKREVESUNBVEVEIDogTlZJRElBIEdlRm9yY2UgUlRYIDQwOTAKDQo=]
[2026-08-10 00:51:13.216] [INFO] [dev.kostromdan.mods.crash_assistant.app.CrashAssistantApp]: CrashAssistantApp running from: C:\Users\windf\curseforge\minecraft\Instances\THE FORGOTTEN SMP
[2026-08-10 00:51:13.216] [INFO] [dev.kostromdan.mods.crash_assistant.app.CrashAssistantApp]: crashAssistantJarName: CrashAssistant-forge-1.19-1.20.1-1.10.18.jar
[2026-08-10 00:51:13.216] [INFO] [dev.kostromdan.mods.crash_assistant.app.CrashAssistantApp]: Parent PID: 47820
[2026-08-10 00:51:13.216] [INFO] [dev.kostromdan.mods.crash_assistant.app.CrashAssistantApp]: Parent started: 1786348261974
[2026-08-10 00:51:13.217] [INFO] [dev.kostromdan.mods.crash_assistant.app.CrashAssistantApp]: Platform: FORGE
[2026-08-10 00:51:13.217] [INFO] [dev.kostromdan.mods.crash_assistant.app.CrashAssistantApp]: loaderJarName: fmlloader-1.20.1-47.4.0.jar
[2026-08-10 00:51:13.218] [INFO] [dev.kostromdan.mods.crash_assistant.app.CrashAssistantApp]: minecraftVersion: 1.20.1
[2026-08-10 00:51:13.218] [INFO] [dev.kostromdan.mods.crash_assistant.app.CrashAssistantApp]: childProcessesPIDs: UNDEFINED
[2026-08-10 00:51:13.218] [INFO] [dev.kostromdan.mods.crash_assistant.app.CrashAssistantApp]: parentXms: 256m
[2026-08-10 00:51:13.218] [INFO] [dev.kostromdan.mods.crash_assistant.app.CrashAssistantApp]: parentXmx: 10240m
[2026-08-10 00:51:13.218] [INFO] [dev.kostromdan.mods.crash_assistant.app.CrashAssistantApp]: systemRAM: 31.1g
[2026-08-10 00:51:13.218] [INFO] [dev.kostromdan.mods.crash_assistant.app.CrashAssistantApp]: processor: AMD Ryzen 7 9800X3D 8-Core Processor           
[2026-08-10 00:51:13.218] [INFO] [dev.kostromdan.mods.crash_assistant.app.CrashAssistantApp]: Boot.serialisedGPUs:
Vulkan GPU detection addon not found, falling back to DirectX
Successfully detected GPUs using DirectX:
INTEGRATED : AMD Radeon(TM) Graphics
DEDICATED : NVIDIA GeForce RTX 4090


[2026-08-10 00:51:13.218] [INFO] [dev.kostromdan.mods.crash_assistant.app.CrashAssistantApp]: os.name: windows 11
[2026-08-10 00:51:13.221] [INFO] [dev.kostromdan.mods.crash_assistant.app.CrashAssistantApp]: Java path: C:\Users\windf\curseforge\minecraft\Install\runtime\java-runtime-gamma\windows-x64\java-runtime-gamma\bin\javaw.exe
[2026-08-10 00:51:13.221] [INFO] [dev.kostromdan.mods.crash_assistant.app.CrashAssistantApp]: Java version: 17.0.15+6-LTS
[2026-08-10 00:51:13.240] [INFO] [dev.kostromdan.mods.crash_assistant.app.CrashAssistantApp]: CrashAssistantApp started successfully. Waiting for PID 47820 to stop.
[2026-08-10 00:51:44.737] [INFO] [dev.kostromdan.mods.crash_assistant.app.CrashAssistantApp]: Minecraft is running on renderer:
NVIDIA GeForce RTX 4090/PCIe/SSE2
[2026-08-10 01:47:10.016] [INFO] [dev.kostromdan.mods.crash_assistant.app.CrashAssistantApp]: PID "47820" is not alive or reused by another process. Minecraft JVM appears to have stopped.
[2026-08-10 01:47:10.074] [INFO] [dev.kostromdan.mods.crash_assistant.app.CrashAssistantApp]: Adding latest.log from C:\Users\windf\curseforge\minecraft\Instances\THE FORGOTTEN SMP\logs\latest.log
[2026-08-10 01:47:10.078] [INFO] [dev.kostromdan.mods.crash_assistant.app.CrashAssistantApp]: Adding CurseForge: launcher_log.txt from C:\Users\windf\curseforge\minecraft\Instances\THE FORGOTTEN SMP\..\..\Install\launcher_log.txt
[2026-08-10 01:47:10.086] [INFO] [dev.kostromdan.mods.crash_assistant.app.CrashAssistantApp]: Adding KubeJS: client.log from C:\Users\windf\curseforge\minecraft\Instances\THE FORGOTTEN SMP\logs\kubejs\client.log
[2026-08-10 01:47:10.088] [INFO] [dev.kostromdan.mods.crash_assistant.app.CrashAssistantApp]: Adding KubeJS: server.log from C:\Users\windf\curseforge\minecraft\Instances\THE FORGOTTEN SMP\logs\kubejs\server.log
[2026-08-10 01:47:10.091] [INFO] [dev.kostromdan.mods.crash_assistant.app.CrashAssistantApp]: Adding KubeJS: startup.log from C:\Users\windf\curseforge\minecraft\Instances\THE FORGOTTEN SMP\logs\kubejs\startup.log
[2026-08-10 01:47:10.096] [INFO] [dev.kostromdan.mods.crash_assistant.app.CrashAssistantApp]: Adding crash_assistant_app.log from C:\Users\windf\curseforge\minecraft\Instances\THE FORGOTTEN SMP\logs\crash_assistant\crash_assistant_app.log
[2026-08-10 01:47:10.096] [INFO] [dev.kostromdan.mods.crash_assistant.app.CrashAssistantApp]: Reached first tick of TitleScreen: true
[2026-08-10 01:47:10.097] [INFO] [dev.kostromdan.mods.crash_assistant.app.CrashAssistantApp]: Joined world successfully: true
[2026-08-10 01:47:10.097] [INFO] [dev.kostromdan.mods.crash_assistant.app.CrashAssistantApp]: stop() function of Minecraft fired: true
[2026-08-10 01:47:10.097] [INFO] [dev.kostromdan.mods.crash_assistant.app.CrashAssistantApp]: close() function of Minecraft failed: false
[2026-08-10 01:47:10.097] [INFO] [dev.kostromdan.mods.crash_assistant.app.CrashAssistantApp]: emergencySave() function of Minecraft fired: false
[2026-08-10 01:47:10.109] [INFO] [dev.kostromdan.mods.crash_assistant.app.CrashAssistantApp]: isModpackCreator: false
[2026-08-10 01:47:10.111] [INFO] [dev.kostromdan.mods.crash_assistant.app.CrashAssistantApp]: isHelpLinkDefault: true
[2026-08-10 01:47:10.113] [INFO] [dev.kostromdan.mods.crash_assistant.app.CrashAssistantApp]: helpLink: https://discord.minecraftforge.net
[2026-08-10 01:47:10.114] [INFO] [dev.kostromdan.mods.crash_assistant.app.CrashAssistantApp]: Seems like Minecraft finished normally. Trying to locate terminated processes and Exiting Crash Assistant app.
