[04:38:32] [INIT] KubeJS 2001.6.5-build.16; MC 2001 forge
[04:38:32] [INIT] Loaded plugins:
[04:38:32] [INIT] - dev.latvian.mods.kubejs.forge.BuiltinKubeJSForgePlugin
[04:38:32] [INIT] - dev.latvian.mods.kubejs.forge.BuiltinKubeJSForgeClientPlugin
[04:38:32] [INIT] - net.zhaiji.kubejscurios.kubejs.KubeJSCuriosPlugin
[04:38:32] [INIT] - com.jesz.createdieselgenerators.compat.kubejs.CDGKubeJSPlugin
[04:38:32] [INIT] - io.github.mortuusars.exposure.integration.kubejs.ExposureJSPlugin
[04:38:32] [INIT] - dev.ftb.mods.ftbxmodcompat.ftbquests.kubejs.KubeJSIntegration
[04:38:32] [INIT] - dev.ftb.mods.ftbxmodcompat.ftbteams.kubejs.FTBTeamsKubeJSPlugin
[04:38:32] [INIT] - com.tom.createores.kubejs.KubeJSExcavation
[04:38:32] [INIT] - net.liopyu.entityjs.EntityJSPlugin
[04:38:32] [INIT] - dev.latvian.mods.kubejs.create.KubeJSCreatePlugin
[04:38:32] [INIT] - dev.latvian.kubejs.mekanism.MekanismKubeJSPlugin
[04:38:32] [INIT] - pie.ilikepiefoo.AdditionsPlugin
[04:38:32] [INIT] - pie.ilikepiefoo.compat.jei.JEIKubeJSPlugin
[04:38:32] [INIT] - dev.bluephs.dgjs.DGJSPlugin
[04:38:32] [INIT] - qinomed.kubejsdelight.KubeJSDelightPlugin
[04:38:32] [INIT] - com.almostreliable.lootjs.kube.LootJSPlugin
[04:38:32] [INIT] - com.probejs.ProbeJSPlugin
[04:38:32] [INIT] - com.almostreliable.ponderjs.KubePlugin
[04:38:32] [INIT] - dev.mayaqq.createestrogen.compat.kubejs.CreateEstrogenKubeJSPlugin
[04:38:32] [INFO] Loaded script client_scripts:coin_renames.js in 0.019 s
[04:38:32] [INFO] Loaded script client_scripts:economy_ponder.js in 0.008 s
[04:38:32] [INFO] Loaded 2/2 KubeJS client scripts in 0.07 s with 0 errors and 0 warnings
[04:38:43] [INFO] Client resource reload complete!
