[01:26:43] [INIT] KubeJS 2001.6.5-build.16; MC 2001 forge
[01:26:43] [INIT] Loaded plugins:
[01:26:43] [INIT] - dev.latvian.mods.kubejs.forge.BuiltinKubeJSForgePlugin
[01:26:43] [INIT] - dev.latvian.mods.kubejs.forge.BuiltinKubeJSForgeClientPlugin
[01:26:43] [INIT] - net.zhaiji.kubejscurios.kubejs.KubeJSCuriosPlugin
[01:26:43] [INIT] - com.jesz.createdieselgenerators.compat.kubejs.CDGKubeJSPlugin
[01:26:43] [INIT] - io.github.mortuusars.exposure.integration.kubejs.ExposureJSPlugin
[01:26:43] [INIT] - dev.ftb.mods.ftbxmodcompat.ftbquests.kubejs.KubeJSIntegration
[01:26:43] [INIT] - dev.ftb.mods.ftbxmodcompat.ftbteams.kubejs.FTBTeamsKubeJSPlugin
[01:26:43] [INIT] - com.tom.createores.kubejs.KubeJSExcavation
[01:26:43] [INIT] - net.liopyu.entityjs.EntityJSPlugin
[01:26:43] [INIT] - dev.latvian.mods.kubejs.create.KubeJSCreatePlugin
[01:26:43] [INIT] - dev.latvian.kubejs.mekanism.MekanismKubeJSPlugin
[01:26:43] [INIT] - pie.ilikepiefoo.AdditionsPlugin
[01:26:43] [INIT] - pie.ilikepiefoo.compat.jei.JEIKubeJSPlugin
[01:26:43] [INIT] - dev.bluephs.dgjs.DGJSPlugin
[01:26:43] [INIT] - qinomed.kubejsdelight.KubeJSDelightPlugin
[01:26:43] [INIT] - com.almostreliable.lootjs.kube.LootJSPlugin
[01:26:43] [INIT] - com.probejs.ProbeJSPlugin
[01:26:43] [INIT] - com.almostreliable.ponderjs.KubePlugin
[01:26:43] [INIT] - dev.mayaqq.createestrogen.compat.kubejs.CreateEstrogenKubeJSPlugin
[01:26:43] [INFO] Loaded script server_scripts:age_locks.js in 0.0 s
[01:26:43] [INFO] Loaded script server_scripts:commands.js in 0.0 s
[01:26:43] [INFO] Loaded script server_scripts:create_age.js in 0.0 s
[01:26:43] [INFO] Loaded script server_scripts:create_ore_excavation.js in 0.0 s
[01:26:43] [INFO] Loaded script server_scripts:mars_worldgen.js in 0.0 s
[01:26:43] [INFO] Loaded script server_scripts:moon_age.js in 0.0 s
[01:26:43] [INFO] Loaded script server_scripts:petrochemical_age.js in 0.001 s
[01:26:43] [INFO] Loaded script server_scripts:recipe_removal/biomes_o_plenty_compat.js in 0.0 s
[01:26:43] [INFO] Loaded script server_scripts:space_age.js in 0.0 s
[01:26:43] [INFO] Loaded script server_scripts:tinkers_Age.js in 0.0 s
[01:26:43] [INFO] Loaded script server_scripts:unification.js in 0.0 s
[01:26:43] [INFO] Loaded 11/11 KubeJS server scripts in 0.009 s with 0 errors and 0 warnings
[01:26:45] [INIT] KubeJS 2001.6.5-build.16; MC 2001 forge
[01:26:45] [INIT] Loaded plugins:
[01:26:45] [INIT] - dev.latvian.mods.kubejs.forge.BuiltinKubeJSForgePlugin
[01:26:45] [INIT] - dev.latvian.mods.kubejs.forge.BuiltinKubeJSForgeClientPlugin
[01:26:45] [INIT] - net.zhaiji.kubejscurios.kubejs.KubeJSCuriosPlugin
[01:26:45] [INIT] - com.jesz.createdieselgenerators.compat.kubejs.CDGKubeJSPlugin
[01:26:45] [INIT] - io.github.mortuusars.exposure.integration.kubejs.ExposureJSPlugin
[01:26:45] [INIT] - dev.ftb.mods.ftbxmodcompat.ftbquests.kubejs.KubeJSIntegration
[01:26:45] [INIT] - dev.ftb.mods.ftbxmodcompat.ftbteams.kubejs.FTBTeamsKubeJSPlugin
[01:26:45] [INIT] - com.tom.createores.kubejs.KubeJSExcavation
[01:26:45] [INIT] - net.liopyu.entityjs.EntityJSPlugin
[01:26:45] [INIT] - dev.latvian.mods.kubejs.create.KubeJSCreatePlugin
[01:26:45] [INIT] - dev.latvian.kubejs.mekanism.MekanismKubeJSPlugin
[01:26:45] [INIT] - pie.ilikepiefoo.AdditionsPlugin
[01:26:45] [INIT] - pie.ilikepiefoo.compat.jei.JEIKubeJSPlugin
[01:26:45] [INIT] - dev.bluephs.dgjs.DGJSPlugin
[01:26:45] [INIT] - qinomed.kubejsdelight.KubeJSDelightPlugin
[01:26:45] [INIT] - com.almostreliable.lootjs.kube.LootJSPlugin
[01:26:45] [INIT] - com.probejs.ProbeJSPlugin
[01:26:45] [INIT] - com.almostreliable.ponderjs.KubePlugin
[01:26:45] [INIT] - dev.mayaqq.createestrogen.compat.kubejs.CreateEstrogenKubeJSPlugin
[01:26:45] [INFO] Loaded script server_scripts:age_locks.js in 0.002 s
[01:26:45] [INFO] Loaded script server_scripts:commands.js in 0.0 s
[01:26:45] [INFO] Loaded script server_scripts:create_age.js in 0.0 s
[01:26:45] [INFO] Loaded script server_scripts:create_ore_excavation.js in 0.0 s
[01:26:45] [INFO] Loaded script server_scripts:mars_worldgen.js in 0.0 s
[01:26:45] [INFO] Loaded script server_scripts:moon_age.js in 0.001 s
[01:26:45] [INFO] Loaded script server_scripts:petrochemical_age.js in 0.0 s
[01:26:45] [INFO] Loaded script server_scripts:recipe_removal/biomes_o_plenty_compat.js in 0.0 s
[01:26:45] [INFO] Loaded script server_scripts:space_age.js in 0.0 s
[01:26:45] [INFO] Loaded script server_scripts:tinkers_Age.js in 0.0 s
[01:26:45] [INFO] Loaded script server_scripts:unification.js in 0.0 s
[01:26:45] [INFO] Loaded 11/11 KubeJS server scripts in 0.006 s with 0 errors and 0 warnings
[01:26:45] [INFO] Scripts loaded
[01:26:45] [INFO] Initializing recipe event...
[01:26:45] [INFO] [minecraft:fluid] Found 244 tags, added 2 objects, removed 0 objects
[01:26:45] [INFO] [minecraft:worldgen/biome] Found 328 tags, added 3 objects, removed 1 objects
[01:26:45] [INFO] [minecraft:item] Found 3205 tags, added 20 objects, removed 0 objects
[01:26:45] [INFO] Processing recipes...
[01:26:45] [WARN] Failed to parse recipe 'outer_end:violite/tiles/vertical_slab_stonecutting[minecraft:stonecutting]'! Falling back to vanilla: ItemStack 'result' can't be empty!
[01:26:46] [WARN] Failed to parse recipe 'mekanism:rotary/superheated_sodium[mekanism:rotary]'! Falling back to vanilla: Cannot invoke "com.google.gson.JsonElement.getAsString()" because the return value of "com.google.gson.JsonObject.get(String)" is null
[01:26:46] [WARN] Failed to parse recipe 'mekanism:processing/gold/slurry/clean[mekanism:washing]'! Falling back to vanilla: Cannot invoke "com.google.gson.JsonElement.getAsString()" because the return value of "com.google.gson.JsonObject.get(String)" is null
[01:26:46] [WARN] Failed to parse recipe 'farmersdelight:cutting/azure_door[farmersdelight:cutting]'! Falling back to vanilla: Failed to parse custom ingredient ("farmersdelight:tool") from {"type":"farmersdelight:tool","tool":"axe"}: com.google.gson.JsonSyntaxException: Unknown ingredient type: farmersdelight:tool
[01:26:46] [WARN] Failed to parse recipe 'mekanism:processing/lategame/polonium_pellet/from_reaction[mekanism:reaction]'! Falling back to vanilla: Cannot invoke "com.google.gson.JsonElement.getAsString()" because the return value of "com.google.gson.JsonObject.get(String)" is null
[01:26:46] [WARN] Failed to parse recipe 'mekanism:processing/lategame/plutonium_pellet/from_reaction[mekanism:reaction]'! Falling back to vanilla: Cannot invoke "com.google.gson.JsonElement.getAsString()" because the return value of "com.google.gson.JsonObject.get(String)" is null
[01:26:46] [WARN] Failed to parse recipe 'outer_end:violite/bricks/vertical_slab[minecraft:crafting_shaped]'! Falling back to vanilla: ItemStack 'result' can't be empty!
[01:26:46] [WARN] Failed to parse recipe 'mekanism:reaction/coal_gasification/blocks_coals[mekanism:reaction]'! Falling back to vanilla: Cannot invoke "com.google.gson.JsonElement.getAsString()" because the return value of "com.google.gson.JsonObject.get(String)" is null
[01:26:46] [WARN] Failed to parse recipe 'mekanismgenerators:separator/heavy_water[mekanism:separating]'! Falling back to vanilla: Cannot invoke "com.google.gson.JsonElement.getAsString()" because the return value of "com.google.gson.JsonObject.get(String)" is null
[01:26:46] [WARN] Failed to parse recipe 'create_radar:sequenced_assembly/network_filterer[create:sequenced_assembly]'! Falling back to vanilla: ItemStack 'transitionalItem' can't be empty!
[01:26:46] [WARN] Failed to parse recipe 'mekanism:reaction/coal_gasification/dusts_coals[mekanism:reaction]'! Falling back to vanilla: Cannot invoke "com.google.gson.JsonElement.getAsString()" because the return value of "com.google.gson.JsonObject.get(String)" is null
[01:26:46] [WARN] Failed to parse recipe 'mekanism:processing/osmium/slurry/clean[mekanism:washing]'! Falling back to vanilla: Cannot invoke "com.google.gson.JsonElement.getAsString()" because the return value of "com.google.gson.JsonObject.get(String)" is null
[01:26:46] [WARN] Failed to parse recipe 'mekanism:rotary/steam[mekanism:rotary]'! Falling back to vanilla: Cannot invoke "com.google.gson.JsonElement.getAsString()" because the return value of "com.google.gson.JsonObject.get(String)" is null
[01:26:46] [WARN] Failed to parse recipe 'mekanism:reaction/coal_gasification/coals[mekanism:reaction]'! Falling back to vanilla: Cannot invoke "com.google.gson.JsonElement.getAsString()" because the return value of "com.google.gson.JsonObject.get(String)" is null
[01:26:46] [WARN] Failed to parse recipe 'mekanism:rotary/hydrogen[mekanism:rotary]'! Falling back to vanilla: Cannot invoke "com.google.gson.JsonElement.getAsString()" because the return value of "com.google.gson.JsonObject.get(String)" is null
[01:26:46] [WARN] Failed to parse recipe 'mekanism:rotary/water_vapor[mekanism:rotary]'! Falling back to vanilla: Cannot invoke "com.google.gson.JsonElement.getAsString()" because the return value of "com.google.gson.JsonObject.get(String)" is null
[01:26:46] [WARN] Failed to parse recipe 'mekanism:rotary/uranium_oxide[mekanism:rotary]'! Falling back to vanilla: Cannot invoke "com.google.gson.JsonElement.getAsString()" because the return value of "com.google.gson.JsonObject.get(String)" is null
[01:26:46] [WARN] Failed to parse recipe 'mekanism:processing/lead/slurry/clean[mekanism:washing]'! Falling back to vanilla: Cannot invoke "com.google.gson.JsonElement.getAsString()" because the return value of "com.google.gson.JsonObject.get(String)" is null
[01:26:46] [WARN] Failed to parse recipe 'mekanism:reaction/substrate/ethene_oxygen[mekanism:reaction]'! Falling back to vanilla: Cannot invoke "com.google.gson.JsonElement.getAsString()" because the return value of "com.google.gson.JsonObject.get(String)" is null
[01:26:46] [WARN] Failed to parse recipe 'outer_end:himmel_vertical_slab_stonecutting[minecraft:stonecutting]'! Falling back to vanilla: ItemStack 'result' can't be empty!
[01:26:46] [WARN] Failed to parse recipe 'outer_end:violite/tiles/vertical_slab[minecraft:crafting_shaped]'! Falling back to vanilla: ItemStack 'result' can't be empty!
[01:26:46] [WARN] Failed to parse recipe 'mekanism:rotary/ethene[mekanism:rotary]'! Falling back to vanilla: Cannot invoke "com.google.gson.JsonElement.getAsString()" because the return value of "com.google.gson.JsonObject.get(String)" is null
[01:26:46] [WARN] Failed to parse recipe 'mekanism:reaction/substrate/water_hydrogen[mekanism:reaction]'! Falling back to vanilla: Cannot invoke "com.google.gson.JsonElement.getAsString()" because the return value of "com.google.gson.JsonObject.get(String)" is null
[01:26:46] [WARN] Failed to parse recipe 'mekanism:reaction/wood_gasification/wooden_stairs[mekanism:reaction]'! Falling back to vanilla: Cannot invoke "com.google.gson.JsonElement.getAsString()" because the return value of "com.google.gson.JsonObject.get(String)" is null
[01:26:46] [WARN] Failed to parse recipe 'outer_end:azure_vertical_planks[minecraft:crafting_shaped]'! Falling back to vanilla: ItemStack 'result' can't be empty!
[01:26:46] [WARN] Failed to parse recipe 'mekanism:rotary/brine[mekanism:rotary]'! Falling back to vanilla: Cannot invoke "com.google.gson.JsonElement.getAsString()" because the return value of "com.google.gson.JsonObject.get(String)" is null
[01:26:46] [WARN] Failed to parse recipe 'outer_end:violite/vertical_slab[minecraft:crafting_shaped]'! Falling back to vanilla: ItemStack 'result' can't be empty!
[01:26:46] [WARN] Failed to parse recipe 'outer_end:violite/bricks/vertical_slab_violite_stonecutting[minecraft:stonecutting]'! Falling back to vanilla: ItemStack 'result' can't be empty!
[01:26:46] [WARN] Failed to parse recipe 'create_radar:crafting/plane_radar[minecraft:crafting_shaped]'! Falling back to vanilla: ItemStack 'result' can't be empty!
[01:26:46] [WARN] Failed to parse recipe 'outer_end:violite/vertical_slab_stonecutting[minecraft:stonecutting]'! Falling back to vanilla: ItemStack 'result' can't be empty!
[01:26:46] [WARN] Failed to parse recipe 'farmersdelight:cutting/azure_pith[farmersdelight:cutting]'! Falling back to vanilla: Failed to parse custom ingredient ("farmersdelight:tool") from {"type":"farmersdelight:tool","tool":"axe"}: com.google.gson.JsonSyntaxException: Unknown ingredient type: farmersdelight:tool
[01:26:46] [WARN] Failed to parse recipe 'mekanism:processing/uranium/slurry/clean[mekanism:washing]'! Falling back to vanilla: Cannot invoke "com.google.gson.JsonElement.getAsString()" because the return value of "com.google.gson.JsonObject.get(String)" is null
[01:26:46] [WARN] Failed to parse recipe 'mekanism:rotary/uranium_hexafluoride[mekanism:rotary]'! Falling back to vanilla: Cannot invoke "com.google.gson.JsonElement.getAsString()" because the return value of "com.google.gson.JsonObject.get(String)" is null
[01:26:46] [WARN] Failed to parse recipe 'mekanism:separator/brine[mekanism:separating]'! Falling back to vanilla: Cannot invoke "com.google.gson.JsonElement.getAsString()" because the return value of "com.google.gson.JsonObject.get(String)" is null
[01:26:46] [WARN] Failed to parse recipe 'mekanism:evaporating/brine[mekanism:evaporating]'! Falling back to vanilla: Cannot invoke "com.google.gson.JsonElement.getAsString()" because the return value of "com.google.gson.JsonObject.get(String)" is null
[01:26:46] [WARN] Failed to parse recipe 'mekanism:reaction/substrate/water_ethene[mekanism:reaction]'! Falling back to vanilla: Cannot invoke "com.google.gson.JsonElement.getAsString()" because the return value of "com.google.gson.JsonObject.get(String)" is null
[01:26:46] [WARN] Failed to parse recipe 'outer_end:violite/mossy_bricks/vertical_slab[minecraft:crafting_shaped]'! Falling back to vanilla: ItemStack 'result' can't be empty!
[01:26:46] [WARN] Failed to parse recipe 'mekanism:processing/tin/slurry/clean[mekanism:washing]'! Falling back to vanilla: Cannot invoke "com.google.gson.JsonElement.getAsString()" because the return value of "com.google.gson.JsonObject.get(String)" is null
[01:26:46] [WARN] Failed to parse recipe 'outer_end:himmel_vertical_slab[minecraft:crafting_shaped]'! Falling back to vanilla: ItemStack 'result' can't be empty!
[01:26:46] [WARN] Failed to parse recipe 'mekanism:rotary/hydrofluoric_acid[mekanism:rotary]'! Falling back to vanilla: Cannot invoke "com.google.gson.JsonElement.getAsString()" because the return value of "com.google.gson.JsonObject.get(String)" is null
[01:26:46] [WARN] Failed to parse recipe 'mekanism:rotary/sulfuric_acid[mekanism:rotary]'! Falling back to vanilla: Cannot invoke "com.google.gson.JsonElement.getAsString()" because the return value of "com.google.gson.JsonObject.get(String)" is null
[01:26:46] [WARN] Failed to parse recipe 'mekanismgenerators:rotary/tritium[mekanism:rotary]'! Falling back to vanilla: Cannot invoke "com.google.gson.JsonElement.getAsString()" because the return value of "com.google.gson.JsonObject.get(String)" is null
[01:26:46] [WARN] Failed to parse recipe 'outer_end:violite/mossy_bricks/vertical_slab_stonecutting[minecraft:stonecutting]'! Falling back to vanilla: ItemStack 'result' can't be empty!
[01:26:46] [WARN] Failed to parse recipe 'mekanism:rotary/hydrogen_chloride[mekanism:rotary]'! Falling back to vanilla: Cannot invoke "com.google.gson.JsonElement.getAsString()" because the return value of "com.google.gson.JsonObject.get(String)" is null
[01:26:46] [WARN] Failed to parse recipe 'outer_end:violite/mossy_tiles/vertical_slab_stonecutting[minecraft:stonecutting]'! Falling back to vanilla: ItemStack 'result' can't be empty!
[01:26:46] [WARN] Failed to parse recipe 'mekanism:processing/copper/slurry/clean[mekanism:washing]'! Falling back to vanilla: Cannot invoke "com.google.gson.JsonElement.getAsString()" because the return value of "com.google.gson.JsonObject.get(String)" is null
[01:26:46] [WARN] Failed to parse recipe 'mekanism:rotary/sulfur_trioxide[mekanism:rotary]'! Falling back to vanilla: Cannot invoke "com.google.gson.JsonElement.getAsString()" because the return value of "com.google.gson.JsonObject.get(String)" is null
[01:26:46] [WARN] Failed to parse recipe 'mekanism:reaction/wood_gasification/wooden_slabs[mekanism:reaction]'! Falling back to vanilla: Cannot invoke "com.google.gson.JsonElement.getAsString()" because the return value of "com.google.gson.JsonObject.get(String)" is null
[01:26:46] [WARN] Failed to parse recipe 'outer_end:violite/tiles/vertical_slab_from_violite_stonecutting[minecraft:stonecutting]'! Falling back to vanilla: ItemStack 'result' can't be empty!
[01:26:46] [WARN] Failed to parse recipe 'outer_end:stripped_azure_post[minecraft:crafting_shaped]'! Falling back to vanilla: ItemStack 'result' can't be empty!
[01:26:46] [WARN] Failed to parse recipe 'mekanism:rotary/chlorine[mekanism:rotary]'! Falling back to vanilla: Cannot invoke "com.google.gson.JsonElement.getAsString()" because the return value of "com.google.gson.JsonObject.get(String)" is null
[01:26:46] [WARN] Failed to parse recipe 'outer_end:violite/bricks/vertical_slab_stonecutting[minecraft:stonecutting]'! Falling back to vanilla: ItemStack 'result' can't be empty!
[01:26:46] [WARN] Failed to parse recipe 'farmersdelight:cutting/azure_sign[farmersdelight:cutting]'! Falling back to vanilla: Failed to parse custom ingredient ("farmersdelight:tool") from {"type":"farmersdelight:tool","tool":"axe"}: com.google.gson.JsonSyntaxException: Unknown ingredient type: farmersdelight:tool
[01:26:46] [WARN] Failed to parse recipe 'mekanism:rotary/sulfur_dioxide[mekanism:rotary]'! Falling back to vanilla: Cannot invoke "com.google.gson.JsonElement.getAsString()" because the return value of "com.google.gson.JsonObject.get(String)" is null
[01:26:46] [WARN] Failed to parse recipe 'mekanism:rotary/oxygen[mekanism:rotary]'! Falling back to vanilla: Cannot invoke "com.google.gson.JsonElement.getAsString()" because the return value of "com.google.gson.JsonObject.get(String)" is null
[01:26:46] [WARN] Failed to parse recipe 'mekanism:separator/water[mekanism:separating]'! Falling back to vanilla: Cannot invoke "com.google.gson.JsonElement.getAsString()" because the return value of "com.google.gson.JsonObject.get(String)" is null
[01:26:46] [WARN] Failed to parse recipe 'outer_end:azure_vertical_slab[minecraft:crafting_shaped]'! Falling back to vanilla: ItemStack 'result' can't be empty!
[01:26:46] [WARN] Failed to parse recipe 'mekanism:evaporating/lithium[mekanism:evaporating]'! Falling back to vanilla: Cannot invoke "com.google.gson.JsonElement.getAsString()" because the return value of "com.google.gson.JsonObject.get(String)" is null
[01:26:46] [WARN] Failed to parse recipe 'mekanism:rotary/lithium[mekanism:rotary]'! Falling back to vanilla: Cannot invoke "com.google.gson.JsonElement.getAsString()" because the return value of "com.google.gson.JsonObject.get(String)" is null
[01:26:46] [WARN] Failed to parse recipe 'mekanismgenerators:rotary/deuterium[mekanism:rotary]'! Falling back to vanilla: Cannot invoke "com.google.gson.JsonElement.getAsString()" because the return value of "com.google.gson.JsonObject.get(String)" is null
[01:26:46] [WARN] Failed to parse recipe 'mekanism:reaction/wood_gasification/planks[mekanism:reaction]'! Falling back to vanilla: Cannot invoke "com.google.gson.JsonElement.getAsString()" because the return value of "com.google.gson.JsonObject.get(String)" is null
[01:26:46] [WARN] Failed to parse recipe 'mekanism:reaction/wood_gasification/rods_wooden[mekanism:reaction]'! Falling back to vanilla: Cannot invoke "com.google.gson.JsonElement.getAsString()" because the return value of "com.google.gson.JsonObject.get(String)" is null
[01:26:46] [WARN] Failed to parse recipe 'mekanismgenerators:rotary/fusion_fuel[mekanism:rotary]'! Falling back to vanilla: Cannot invoke "com.google.gson.JsonElement.getAsString()" because the return value of "com.google.gson.JsonObject.get(String)" is null
[01:26:46] [WARN] Failed to parse recipe 'outer_end:azure_post[minecraft:crafting_shaped]'! Falling back to vanilla: ItemStack 'result' can't be empty!
[01:26:46] [WARN] Failed to parse recipe 'mekanism:reaction/wood_gasification/dusts_wood[mekanism:reaction]'! Falling back to vanilla: Cannot invoke "com.google.gson.JsonElement.getAsString()" because the return value of "com.google.gson.JsonObject.get(String)" is null
[01:26:46] [WARN] Failed to parse recipe 'mekanism:processing/iron/slurry/clean[mekanism:washing]'! Falling back to vanilla: Cannot invoke "com.google.gson.JsonElement.getAsString()" because the return value of "com.google.gson.JsonObject.get(String)" is null
[01:26:46] [WARN] Failed to parse recipe 'mekanism:rotary/sodium[mekanism:rotary]'! Falling back to vanilla: Cannot invoke "com.google.gson.JsonElement.getAsString()" because the return value of "com.google.gson.JsonObject.get(String)" is null
[01:26:46] [WARN] Failed to parse recipe 'mekanism:reaction/wood_gasification/logs[mekanism:reaction]'! Falling back to vanilla: Cannot invoke "com.google.gson.JsonElement.getAsString()" because the return value of "com.google.gson.JsonObject.get(String)" is null
[01:26:46] [WARN] Failed to parse recipe 'outer_end:violite/mossy_tiles/vertical_slab[minecraft:crafting_shaped]'! Falling back to vanilla: ItemStack 'result' can't be empty!
[01:26:46] [WARN] Failed to parse recipe 'farmersdelight:cutting/azure_stem[farmersdelight:cutting]'! Falling back to vanilla: Failed to parse custom ingredient ("farmersdelight:tool") from {"type":"farmersdelight:tool","tool":"axe"}: com.google.gson.JsonSyntaxException: Unknown ingredient type: farmersdelight:tool
[01:26:46] [WARN] Failed to parse recipe 'farmersdelight:cutting/azure_trapdoor[farmersdelight:cutting]'! Falling back to vanilla: Failed to parse custom ingredient ("farmersdelight:tool") from {"type":"farmersdelight:tool","tool":"axe"}: com.google.gson.JsonSyntaxException: Unknown ingredient type: farmersdelight:tool
[01:26:46] [WARN] Failed to parse recipe 'create_radar:crafting/identification_transponder[minecraft:crafting_shaped]'! Falling back to vanilla: ItemStack 'result' can't be empty!
[01:26:46] [INFO] Found 28964 recipes in 277.5 ms
[01:26:46] [INFO] Posted recipe events in 104.8 ms
[01:26:46] [WARN] Error parsing recipe outer_end:himmel_vertical_to_slab[minecraft:crafting_shaped]: {"type":"minecraft:crafting_shaped","pattern":[" "," "," "],"key":{},"result":{"item":"outer_end:himmel_slab","count":3}}: null
[01:26:46] [WARN] Error parsing recipe outer_end:violite/tiles/slab_from_vertical_slab[minecraft:crafting_shaped]: {"type":"minecraft:crafting_shaped","pattern":[" "," "," "],"key":{},"result":{"item":"outer_end:violite_tile_slab","count":3}}: null
[01:26:46] [WARN] Error parsing recipe outer_end:azure_vertical_to_slab[minecraft:crafting_shaped]: {"type":"minecraft:crafting_shaped","pattern":[" "," "," "],"key":{},"result":{"item":"outer_end:azure_slab","count":3}}: null
[01:26:46] [WARN] Error parsing recipe create:milling/compat/biomesoplenty/tiny_cactus[create:milling]: {"type":"create:milling","conditions":[{"type":"forge:mod_loaded","modid":"biomesoplenty"}],"ingredients":[{"item":"biomesoplenty:tiny_cactus"}],"processingTime":50,"results":[{"count":2,"item":"minecraft:green_dye"},{"chance":0.1,"item":"minecraft:green_dye"}]}: Unknown item 'biomesoplenty:tiny_cactus'
[01:26:46] [WARN] Error parsing recipe outer_end:violite/mossy_tiles/slab_from_vertical_slab[minecraft:crafting_shaped]: {"type":"minecraft:crafting_shaped","pattern":[" "," "," "],"key":{},"result":{"item":"outer_end:mossy_violite_tile_slab","count":3}}: null
[01:26:46] [WARN] Error parsing recipe createcasing:crafting/chain_drive/creative_from_zinc[minecraft:crafting_shapeless]: {"type":"minecraft:crafting_shapeless","category":"misc","ingredients":[{"item":"create:creative_casing"},{"tag":"forge:nuggets/zinc"},{"tag":"forge:nuggets/zinc"},{"tag":"forge:nuggets/zinc"}],"result":{"item":"createcasing:creative_encased_chain_drive"}}: Unknown item 'create:creative_casing'
[01:26:46] [WARN] Error parsing recipe outer_end:violite/slab_from_vertical_slab[minecraft:crafting_shaped]: {"type":"minecraft:crafting_shaped","pattern":[" "," "," "],"key":{},"result":{"item":"outer_end:violite_slab","count":3}}: null
[01:26:46] [WARN] Error parsing recipe create:milling/compat/biomesoplenty/white_lavender[create:milling]: {"type":"create:milling","conditions":[{"type":"forge:mod_loaded","modid":"biomesoplenty"}],"ingredients":[{"item":"biomesoplenty:white_lavender"}],"processingTime":50,"results":[{"count":2,"item":"minecraft:white_dye"},{"chance":0.05,"item":"minecraft:green_dye"}]}: Unknown item 'biomesoplenty:white_lavender'
[01:26:46] [WARN] Error parsing recipe outer_end:violite/mossy_bricks/slab_from_vertical_slab[minecraft:crafting_shaped]: {"type":"minecraft:crafting_shaped","pattern":[" "," "," "],"key":{},"result":{"item":"outer_end:mossy_violite_brick_slab","count":3}}: null
[01:26:46] [WARN] Error parsing recipe create_confectionery:ruby_chocolate_recipe_6[create:mixing]: {"group":"create_confectionery","type":"create:mixing","ingredients":[{"item":"create_confectionery:ruby_chocolate_brick_wall"}],"results":[{"fluid":"create_confectionery:ruby_chocolate","amount":1000}],"heatRequirement":"heated"}: Unknown item 'create_confectionery:ruby_chocolate_brick_wall'
[01:26:46] [WARN] Error parsing recipe thermal:invar_dust_3[minecraft:crafting_shapeless]: {"type":"minecraft:crafting_shapeless","category":"misc","ingredients":[[],[],{"tag":"forge:dusts/nickel"}],"result":{"count":3,"item":"thermal:invar_dust"}}: Item array cannot be empty, at least one item must be defined
[01:26:46] [WARN] Error parsing recipe outer_end:azure_vertical_to_planks[minecraft:crafting_shaped]: {"type":"minecraft:crafting_shaped","pattern":[" "," "," "],"key":{},"result":{"item":"outer_end:azure_planks","count":3}}: null
[01:26:46] [WARN] Error parsing recipe create_confectionery:white_chocolate_recipe_6[create:mixing]: {"group":"create_confectionery","type":"create:mixing","ingredients":[{"item":"create_confectionery:white_chocolate_bricks_wall"}],"results":[{"fluid":"create_confectionery:white_chocolate","amount":1000}],"heatRequirement":"heated"}: Unknown item 'create_confectionery:white_chocolate_bricks_wall'
[01:26:46] [WARN] Error parsing recipe outer_end:violite/bricks/slab_from_vertical_slab[minecraft:crafting_shaped]: {"type":"minecraft:crafting_shaped","pattern":[" "," "," "],"key":{},"result":{"item":"outer_end:violite_brick_slab","count":3}}: null
[01:26:46] [WARN] Error parsing recipe create_confectionery:black_chocolate_recipe_6[create:mixing]: {"group":"create_confectionery","type":"create:mixing","ingredients":[{"item":"create_confectionery:black_chocolate_bricks_wall"}],"results":[{"fluid":"create_confectionery:black_chocolate","amount":1000}],"heatRequirement":"heated"}: Unknown item 'create_confectionery:black_chocolate_bricks_wall'
[01:26:46] [WARN] Error parsing recipe create_confectionery:chocolate_recipe_6[create:mixing]: {"group":"create_confectionery","type":"create:mixing","ingredients":[{"item":"create_confectionery:chocolate_bricks_wall"}],"results":[{"fluid":"create:chocolate","amount":1000}],"heatRequirement":"heated"}: Unknown item 'create_confectionery:chocolate_bricks_wall'
[01:26:46] [WARN] Error parsing recipe kubejs:petrochemical_age/vat_rocket_fuel[tfmg:vat_machine_recipe]: {"type":"tfmg:vat_machine_recipe","fluidInputs":[{"fluid":"tfmg:hot_air","amount":1500},{"fluid":"tfmg:kerosene","amount":1000},{"fluid":"tfmg:sulfuric_acid","amount":100}],"fluidOutputs":[{"fluid":"enderio:rocket_fuel","amount":1000}],"processingTime":250,"heatRequirement":"heated","machineType":"tfmg:mixing","allowedVats":["tfmg:steel_vat","tfmg:firebrick_lined_vat"]}: Missing ingredients, expected to find a JsonArray
[01:26:46] [INFO] Added 62 recipes, removed 62 recipes, modified 20 recipes, with 17 failed recipes in 59.74 ms
[01:26:47] [INFO] Server resource reload complete!
